TAP version 13
# Subtest: reading content bank has varied original passages, papers and KS2 domains
ok 1 - reading content bank has varied original passages, papers and KS2 domains
  ---
  duration_ms: 0.7728
  type: 'test'
  ...
# Subtest: Reading exposes a stretch challenge mode consistently in server and browser metadata
ok 2 - Reading exposes a stretch challenge mode consistently in server and browser metadata
  ---
  duration_ms: 0.4046
  type: 'test'
  ...
# Subtest: reading ids are unique and evidence quotes exist in their source passage
ok 3 - reading ids are unique and evidence quotes exist in their source passage
  ---
  duration_ms: 20.7678
  type: 'test'
  ...
# Subtest: reading question stems avoid noticeable repetition after normalisation
ok 4 - reading question stems avoid noticeable repetition after normalisation
  ---
  duration_ms: 20.2641
  type: 'test'
  ...
# Subtest: reading model answers and stem shapes avoid repeated-question feel
ok 5 - reading model answers and stem shapes avoid repeated-question feel
  ---
  duration_ms: 202.0137
  type: 'test'
  ...
# Subtest: reading learner-facing copy does not leak unresolved template placeholders
ok 6 - reading learner-facing copy does not leak unresolved template placeholders
  ---
  duration_ms: 5.2746
  type: 'test'
  ...
# Subtest: reading test papers only reference existing passages and questions and sum to 50 marks
ok 7 - reading test papers only reference existing passages and questions and sum to 50 marks
  ---
  duration_ms: 1.6362
  type: 'test'
  ...
# Subtest: reading setup source advertises stretch mode without duplicate hero-card attributes
ok 8 - reading setup source advertises stretch mode without duplicate hero-card attributes
  ---
  duration_ms: 3.293
  type: 'test'
  ...
# Subtest: browser Reading metadata stays answer-safe and summary-compatible
ok 9 - browser Reading metadata stays answer-safe and summary-compatible
  ---
  duration_ms: 1.111
  type: 'test'
  ...
# Subtest: public Reading events preserve subject identity after redaction
ok 10 - public Reading events preserve subject identity after redaction
  ---
  duration_ms: 0.4879
  type: 'test'
  ...
# Subtest: Reading Phase 5 adds the second 1000-question wave after Phase 4
ok 11 - Reading Phase 5 adds the second 1000-question wave after Phase 4
  ---
  duration_ms: 0.6595
  type: 'test'
  ...
# Subtest: Reading Phase 5 papers are strict 50-mark three-text papers
ok 12 - Reading Phase 5 papers are strict 50-mark three-text papers
  ---
  duration_ms: 0.672
  type: 'test'
  ...
# Subtest: Reading Phase 5 passages retain broad question-shape and skill variety
ok 13 - Reading Phase 5 passages retain broad question-shape and skill variety
  ---
  duration_ms: 0.3823
  type: 'test'
  ...
# Subtest: Reading Phase 5 passages avoid a single repeated structural scaffold per genre
ok 14 - Reading Phase 5 passages avoid a single repeated structural scaffold per genre
  ---
  duration_ms: 0.5831
  type: 'test'
  ...
# Subtest: Reading Phase 5 fiction retrieval stems are natural and avoid unresolved state placeholders
ok 15 - Reading Phase 5 fiction retrieval stems are natural and avoid unresolved state placeholders
  ---
  duration_ms: 1.0597
  type: 'test'
  ...
# Subtest: Reading Phase 6 takes Reading beyond four thousand questions without changing answer-safe metadata boundaries
ok 16 - Reading Phase 6 takes Reading beyond four thousand questions without changing answer-safe metadata boundaries
  ---
  duration_ms: 1.1057
  type: 'test'
  ...
# Subtest: Reading Phase 6 contributes 204 long passages, 2040 questions and 68 strict papers
ok 17 - Reading Phase 6 contributes 204 long passages, 2040 questions and 68 strict papers
  ---
  duration_ms: 0.7848
  type: 'test'
  ...
# Subtest: Reading Phase 6 papers are 50-mark three-text KS2-style papers
ok 18 - Reading Phase 6 papers are 50-mark three-text KS2-style papers
  ---
  duration_ms: 1.4499
  type: 'test'
  ...
# Subtest: Reading Phase 6 passages keep balanced skill and question-type coverage
ok 19 - Reading Phase 6 passages keep balanced skill and question-type coverage
  ---
  duration_ms: 0.5462
  type: 'test'
  ...
# Subtest: Reading Phase 6 punctuation support labels match the punctuation feature being tested
ok 20 - Reading Phase 6 punctuation support labels match the punctuation feature being tested
  ---
  duration_ms: 1.1185
  type: 'test'
  ...
# Subtest: Reading Phase 6 generated learner-facing copy is resolved and passage-specific
ok 21 - Reading Phase 6 generated learner-facing copy is resolved and passage-specific
  ---
  duration_ms: 4.1507
  type: 'test'
  ...
# Subtest: Reading Phase 7 moves the staged bank beyond seven thousand questions
ok 22 - Reading Phase 7 moves the staged bank beyond seven thousand questions
  ---
  duration_ms: 0.7153
  type: 'test'
  ...
# Subtest: Reading Phase 7 contributes 300 long passages, 3000 questions and 100 strict papers
ok 23 - Reading Phase 7 contributes 300 long passages, 3000 questions and 100 strict papers
  ---
  duration_ms: 0.5447
  type: 'test'
  ...
# Subtest: Reading Phase 7 answer-bearing content is deeply frozen
ok 24 - Reading Phase 7 answer-bearing content is deeply frozen
  ---
  duration_ms: 0.0766
  type: 'test'
  ...
# Subtest: Reading Phase 7 papers are 50-mark three-text papers with fiction, non-fiction and poetry
ok 25 - Reading Phase 7 papers are 50-mark three-text papers with fiction, non-fiction and poetry
  ---
  duration_ms: 1.5905
  type: 'test'
  ...
# Subtest: Reading Phase 7 passages keep KS2-plus question-type and skill coverage
ok 26 - Reading Phase 7 passages keep KS2-plus question-type and skill coverage
  ---
  duration_ms: 1.2971
  type: 'test'
  ...
# Subtest: Reading Phase 7 generated copy is resolved and avoids exact repeated stems or model answers
ok 27 - Reading Phase 7 generated copy is resolved and avoids exact repeated stems or model answers
  ---
  duration_ms: 7.9617
  type: 'test'
  ...
# Subtest: Reading Phase 7 punctuation labels match the punctuation feature being tested
ok 28 - Reading Phase 7 punctuation labels match the punctuation feature being tested
  ---
  duration_ms: 0.8405
  type: 'test'
  ...
# Subtest: reading module is ready and not a placeholder
ok 29 - reading module is ready and not a placeholder
  ---
  duration_ms: 0.5241
  type: 'test'
  ...
# Subtest: hero mode includes reading as a ready subject with provider and launch adapter
ok 30 - hero mode includes reading as a ready subject with provider and launch adapter
  ---
  duration_ms: 0.2142
  type: 'test'
  ...
# Subtest: reading engine starts a passage-first session and hides answer metadata before attempt
ok 31 - reading engine starts a passage-first session and hides answer metadata before attempt
  ---
  duration_ms: 6.0302
  type: 'test'
  ...
# Subtest: reading stretch challenge selects delayed high-depth long-text practice without punctuation-only items
ok 32 - reading stretch challenge selects delayed high-depth long-text practice without punctuation-only items
  ---
  duration_ms: 31.6453
  type: 'test'
  ...
# Subtest: reading stretch challenge is not narrowed below contract size by setup filters
ok 33 - reading stretch challenge is not narrowed below contract size by setup filters
  ---
  duration_ms: 10.8816
  type: 'test'
  ...
# Subtest: reading engine marks deterministically and then exposes feedback safely
ok 34 - reading engine marks deterministically and then exposes feedback safely
  ---
  duration_ms: 2.7712
  type: 'test'
  ...
# Subtest: reading exact match checks reject learner substrings of the correct answer
ok 35 - reading exact match checks reject learner substrings of the correct answer
  ---
  duration_ms: 0.2537
  type: 'test'
  ...
# Subtest: reading contains checks use phrase boundaries rather than character substrings
ok 36 - reading contains checks use phrase boundaries rather than character substrings
  ---
  duration_ms: 0.1298
  type: 'test'
  ...
# Subtest: reading keyword checks accept hyphenated compound components without weakening negation guards
ok 37 - reading keyword checks accept hyphenated compound components without weakening negation guards
  ---
  duration_ms: 0.286
  type: 'test'
  ...
# Subtest: reading phrase checks reject locally negated correct phrases
ok 38 - reading phrase checks reject locally negated correct phrases
  ---
  duration_ms: 0.4593
  type: 'test'
  ...
# Subtest: reading answer checks reject globally negated long model-answer parrots
ok 39 - reading answer checks reject globally negated long model-answer parrots
  ---
  duration_ms: 0.8381
  type: 'test'
  ...
# Subtest: reading multi-select marking treats malformed answers as wrong instead of throwing
ok 40 - reading multi-select marking treats malformed answers as wrong instead of throwing
  ---
  duration_ms: 0.4066
  type: 'test'
  ...
# Subtest: reading evidence fallback does not award marks for negated evidence quotes
ok 41 - reading evidence fallback does not award marks for negated evidence quotes
  ---
  duration_ms: 0.6469
  type: 'test'
  ...
# Subtest: reading evidence checks accept source-affirmed negation snippets
ok 42 - reading evidence checks accept source-affirmed negation snippets
  ---
  duration_ms: 0.2082
  type: 'test'
  ...
# Subtest: reading save-response rejects stale expected session or question ids
ok 43 - reading save-response rejects stale expected session or question ids
  ---
  duration_ms: 1.0814
  type: 'test'
  ...
# Subtest: reading marked answers cannot be overwritten by duplicate or stale submissions
ok 44 - reading marked answers cannot be overwritten by duplicate or stale submissions
  ---
  duration_ms: 2.0897
  type: 'test'
  ...
# Subtest: reading engine reloads persisted ui state for follow-up commands
ok 45 - reading engine reloads persisted ui state for follow-up commands
  ---
  duration_ms: 0.7893
  type: 'test'
  ...
# Subtest: reading due stats and review queue use the injected command clock
ok 46 - reading due stats and review queue use the injected command clock
  ---
  duration_ms: 0.3191
  type: 'test'
  ...
# Subtest: reading avoids immediate passage repeats after a started session is ended without answers
ok 47 - reading avoids immediate passage repeats after a started session is ended without answers
  ---
  duration_ms: 1.2648
  type: 'test'
  ...
# Subtest: reading guided mode uses weakness and variety rather than always taking the first four questions
ok 48 - reading guided mode uses weakness and variety rather than always taking the first four questions
  ---
  duration_ms: 0.7888
  type: 'test'
  ...
# Subtest: worker subject runtime wires reading command handlers
ok 49 - worker subject runtime wires reading command handlers
  ---
  duration_ms: 1.6981
  type: 'test'
  ...
# Subtest: reading secured skill events project into reading-owned monster rewards
ok 50 - reading secured skill events project into reading-owned monster rewards
  ---
  duration_ms: 0.7974
  type: 'test'
  ...
# Subtest: reading secured skill event carries deep secure evidence and mastery key
ok 51 - reading secured skill event carries deep secure evidence and mastery key
  ---
  duration_ms: 0.9831
  type: 'test'
  ...
# Subtest: reading delayed-feedback sessions do not expose answers through immediate submit or section mark
ok 52 - reading delayed-feedback sessions do not expose answers through immediate submit or section mark
  ---
  duration_ms: 1.9317
  type: 'test'
  ...
# Subtest: reading reward state exposes release-scoped 100-star high-water progress
ok 53 - reading reward state exposes release-scoped 100-star high-water progress
  ---
  duration_ms: 0.4085
  type: 'test'
  ...
# Subtest: reading reward thresholds use direct clusters plus a full-domain aggregate monster
ok 54 - reading reward thresholds use direct clusters plus a full-domain aggregate monster
  ---
  duration_ms: 0.6647
  type: 'test'
  ...
# Subtest: reading list-view read model exposes a safe current-section question list
ok 55 - reading list-view read model exposes a safe current-section question list
  ---
  duration_ms: 1.2621
  type: 'test'
  ...
# Subtest: reading save-response can persist visible section drafts and navigate without marking
ok 56 - reading save-response can persist visible section drafts and navigate without marking
  ---
  duration_ms: 1.1361
  type: 'test'
  ...
# Subtest: reading mark-section accepts current visible section drafts before deterministic marking
ok 57 - reading mark-section accepts current visible section drafts before deterministic marking
  ---
  duration_ms: 1.0169
  type: 'test'
  ...
# Subtest: reading section response merge does not blank previously saved one-question drafts
ok 58 - reading section response merge does not blank previously saved one-question drafts
  ---
  duration_ms: 2.4021
  type: 'test'
  ...
# Subtest: reading list-mode section save can explicitly clear a previously saved draft
ok 59 - reading list-mode section save can explicitly clear a previously saved draft
  ---
  duration_ms: 2.0099
  type: 'test'
  ...
# Subtest: reading save and mark commands reject stale expected section indexes
ok 60 - reading save and mark commands reject stale expected section indexes
  ---
  duration_ms: 1.9024
  type: 'test'
  ...
1..60
# tests 60
# suites 0
# pass 60
# fail 0
# cancelled 0
# skipped 0
# todo 0
# duration_ms 482.3271
