
> ks2-mastery@0.1.0 verify:punctuation-qg:p20-live
> node scripts/validate-punctuation-qg-p20-live-evidence.mjs reports/punctuation/punctuation-qg-p20-production-smoke.json && node --test tests/punctuation-qg-p20-production-evidence.test.js

Punctuation QG P20 live evidence validation: PASS
TAP version 13
# Subtest: P20 live evidence validator accepts current-release production evidence shape
ok 1 - P20 live evidence validator accepts current-release production evidence shape
  ---
  duration_ms: 145.2164
  type: 'test'
  ...
# Subtest: P20 live evidence validator CLI keeps flag values out of the smoke path
ok 2 - P20 live evidence validator CLI keeps flag values out of the smoke path
  ---
  duration_ms: 111.034
  type: 'test'
  ...
# Subtest: P20 live evidence validator rejects stale P20 smoke for the current release
ok 3 - P20 live evidence validator rejects stale P20 smoke for the current release
  ---
  duration_ms: 154.687
  type: 'test'
  ...
# Subtest: P20 live evidence validator requires persisted dash acceptance outcomes
ok 4 - P20 live evidence validator requires persisted dash acceptance outcomes
  ---
  duration_ms: 94.5444
  type: 'test'
  ...
1..4
# tests 4
# suites 0
# pass 4
# fail 0
# cancelled 0
# skipped 0
# todo 0
# duration_ms 632.5515
