# Punctuation Production Smoke

| Field | Value |
|-------|-------|
| OK | true |
| Origin | https://ks2.eugnel.uk |
| Account | demo-IJFReGmH3zZU4Q |
| Learner | learner-demo-e88B0ptVWrFX_g |
| Environment | production |
| Worker SHA | 07c0151b222e8815f3a3396d85e5c2a93fb711fd |

## Punctuation

| Metric | Value |
|--------|-------|
| Smart item | gen_apostrophe_possession_insert_1leyxn2_2 |
| Smart summary total | 1 |
| Fixed items | 512 |
| Generated items | 14560 |
| Runtime items | 15072 |
| Published reward units | 14 |

## Spelling

| Metric | Value |
|--------|-------|
| Progress total | 1 |
| Has prompt token | true |

