# Punctuation Production Smoke

| Field | Value |
|-------|-------|
| OK | true |
| Origin | https://ks2.eugnel.uk |
| Account | demo-fDGmvZWDjGBmYw |
| Learner | learner-demo-Vpou1AVbohCGgA |
| Environment | production |
| Worker SHA | 6a0551ab3c5f3064aef5c92ce674fba9aeb41a0d |

## Punctuation

| Metric | Value |
|--------|-------|
| Smart item | gen_sentence_endings_insert_1q2odvk_50 |
| Smart summary total | 1 |
| Fixed items | 512 |
| Generated items | 14560 |
| Runtime items | 15072 |
| Published reward units | 14 |

## Spelling

| Metric | Value |
|--------|-------|
| Progress total | 1 |
| Has prompt token | true |

